------------------------------------------------------------------------------------------------------------------------

[2026-07-30 10:01:13 #1 store] 
Database '/home/johnny/Documents/School/COS326/Practical/ClassDemo/points.odb' is opened by 6318@johnny

[2026-07-30 10:01:13 #2 store] 
Configuration path: ?

[2026-07-30 10:01:13 #3 type] 
Type Point is not enhanced.

[2026-07-30 10:01:13 #4 store] 
Database '/home/johnny/Documents/School/COS326/Practical/ClassDemo/points.odb' is closed by 6318@johnny

------------------------------------------------------------------------------------------------------------------------

[2026-07-30 10:04:05 #1 store] 
Database '/home/johnny/Documents/School/COS326/Practical/ClassDemo/points.odb' is opened by 6588@johnny

[2026-07-30 10:04:05 #2 store] 
Configuration path: ?

[2026-07-30 10:04:05 #3 type] 
Type Point is not enhanced.

[2026-07-30 10:04:05 #4 store] 
Database '/home/johnny/Documents/School/COS326/Practical/ClassDemo/points.odb' is closed by 6588@johnny

------------------------------------------------------------------------------------------------------------------------

[2026-07-30 10:04:36 #1 store] 
Database '/home/johnny/Documents/School/COS326/Practical/ClassDemo/points.odb' is opened by 6675@johnny

[2026-07-30 10:04:36 #2 store] 
Configuration path: ?

[2026-07-30 10:05:27 #3 store] 
Database '/home/johnny/Documents/School/COS326/Practical/ClassDemo/points.odb' is closed by 6675@johnny

------------------------------------------------------------------------------------------------------------------------

[2026-07-30 10:05:31 #1 store] 
Database '/home/johnny/Documents/School/COS326/Practical/ClassDemo/points.odb' is opened by 6735@johnny

[2026-07-30 10:05:31 #2 store] 
Configuration path: ?

[2026-07-30 10:05:31 #3 type] 
Type Point is not enhanced.

[2026-07-30 10:05:31 #4 store] 
Database '/home/johnny/Documents/School/COS326/Practical/ClassDemo/points.odb' is closed by 6735@johnny

------------------------------------------------------------------------------------------------------------------------

[2026-07-30 18:17:50 #1 store] 
Database '/home/johnny/Documents/School/COS326/Practical/ClassDemo/points.odb' is opened by 4063@johnny

[2026-07-30 18:17:50 #2 store] 
Configuration path: ?

[2026-07-30 18:17:50 #3 type] 
Type Point is not enhanced.

[2026-07-30 18:17:50 #4 store] 
Database '/home/johnny/Documents/School/COS326/Practical/ClassDemo/points.odb' is closed by 4063@johnny

------------------------------------------------------------------------------------------------------------------------

[2026-07-30 19:53:21 #1 store] 
Database '/home/johnny/Documents/School/COS326/Practical/ClassDemo/points.odb' is opened by 44219@johnny

[2026-07-30 19:53:21 #2 store] 
Configuration path: ?

[2026-07-30 19:53:21 #3 type] 
Type Point is not enhanced.

[2026-07-30 19:53:21 #4 store] 
Database '/home/johnny/Documents/School/COS326/Practical/ClassDemo/points.odb' is closed by 44219@johnny

------------------------------------------------------------------------------------------------------------------------

[2026-07-30 19:53:48 #1 store] 
Database '/home/johnny/Documents/School/COS326/Practical/ClassDemo/points.odb' is opened by 44284@johnny

[2026-07-30 19:53:48 #2 store] 
Configuration path: ?

[2026-07-30 19:54:09 #3 store] 
Database '/home/johnny/Documents/School/COS326/Practical/ClassDemo/points.odb' is closed by 44284@johnny

